GPU 0 assigned to the job
CUDA_VISIBLE_DEVICES=0
LAMMPS (23 Jun 2022 - Update 4)
Reading data file ...
  triclinic box = (0 0 0) to (11.65351 10.092235 24.290025) with tilt (0 0 0)
  1 by 1 by 1 MPI processor grid
  reading atoms ...
  136 atoms
  read_data CPU = 0.002 seconds
68 atoms in group gBottom
WARNING: No fixes with time integration, atoms won't move (src/verlet.cpp:60)
Neighbor list info ...
  update every 1 steps, delay 10 steps, check yes
  max neighbors/atom: 2000, page size: 100000
  master list distance cutoff = 0
  ghost atom cutoff = 0
  binsize = 11.65351, bins = 1 1 3
  1 neighbor lists, perpetual/occasional/extra = 1 0 0
  (1) pair d3, perpetual
      attributes: full, newton on
      pair build: full/bin/atomonly
      stencil: full/bin/3d
      bin: standard
Setting up Verlet run ...
  Unit style    : metal
  Current step  : 0
  Time step     : 0.001
WARNING: No pairwise cutoff or binsize set. Atom sorting therefore disabled. (src/atom.cpp:2142)
WARNING: Communication cutoff is 0.0. No ghost atoms will be generated. Atoms may get lost. (src/comm_brick.cpp:210)
Per MPI rank memory allocation (min/avg/max) = 4.2 | 4.2 | 4.2 Mbytes
   Step         PotEng         Volume         Press           Pxx            Pyy            Pzz            Pxy            Pyz            Pxz            Fmax     
         0  -7.1262809      2856.7488     -3951.4378     -4358.4487     -4358.4487     -3137.416      -3.2523372e-13 -6.0114609e-12  2.3479465e-12  0.055442861  
Loop time of 8.2e-07 on 1 procs for 0 steps with 136 atoms

122.0% CPU use with 1 MPI tasks x no OpenMP threads

MPI task timing breakdown:
Section |  min time  |  avg time  |  max time  |%varavg| %total
---------------------------------------------------------------
Pair    | 0          | 0          | 0          |   0.0 |  0.00
Neigh   | 0          | 0          | 0          |   0.0 |  0.00
Comm    | 0          | 0          | 0          |   0.0 |  0.00
Output  | 0          | 0          | 0          |   0.0 |  0.00
Modify  | 0          | 0          | 0          |   0.0 |  0.00
Other   |            | 8.2e-07    |            |       |100.00

Nlocal:            136 ave         136 max         136 min
Histogram: 1 0 0 0 0 0 0 0 0 0
Nghost:             30 ave          30 max          30 min
Histogram: 1 0 0 0 0 0 0 0 0 0
Neighs:              0 ave           0 max           0 min
Histogram: 1 0 0 0 0 0 0 0 0 0
FullNghs:            0 ave           0 max           0 min
Histogram: 1 0 0 0 0 0 0 0 0 0

Total # of neighbors = 0
Ave neighs/atom = 0
Neighbor list builds = 0
Dangerous builds = 0
System init for write_data ...
WARNING: Communication cutoff is 0.0. No ghost atoms will be generated. Atoms may get lost. (src/comm_brick.cpp:210)
Total wall time: 0:00:00
