GPU 1 assigned to the job
CUDA_VISIBLE_DEVICES=1
LAMMPS (23 Jun 2022 - Update 4)
Reading data file ...
  triclinic box = (0 0 0) to (11.65351 10.092235 24.290025) with tilt (0 0 0)
  1 by 1 by 1 MPI processor grid
  reading atoms ...
  136 atoms
  read_data CPU = 0.004 seconds
68 atoms in group gBottom
WARNING: Using 'neigh_modify every 1 delay 0 check yes' setting during minimization (src/min.cpp:187)
Neighbor list info ...
  update every 1 steps, delay 0 steps, check yes
  max neighbors/atom: 2000, page size: 100000
  master list distance cutoff = 7
  ghost atom cutoff = 7
  binsize = 3.5, bins = 4 3 7
  2 neighbor lists, perpetual/occasional/extra = 2 0 0
  (1) pair e3gnn, perpetual
      attributes: full, newton on
      pair build: full/bin/atomonly
      stencil: full/bin/3d
      bin: standard
  (2) pair d3, perpetual, copy from (1)
      attributes: full, newton on
      pair build: copy
      stencil: none
      bin: none
Setting up quickmin style minimization ...
  Unit style    : metal
  Current step  : 0
Per MPI rank memory allocation (min/avg/max) = 4.722 | 4.722 | 4.722 Mbytes
   Step         PotEng         KinEng         TotEng          Fmax          Press           CPU           T/CPU          S/CPU     
         0  -707.66855      0             -707.66855      0.98117045    -267.2719       0              0              0            
        10  -708.25465      0.0041261968  -708.25053      0.1112705     -706.10044      1.9741669      0.0050654252   5.0654229    
        20  -708.22184      0.010502737   -708.21134      0.11254529    -633.98819      4.0499161      0.0048175376   4.8175375    
        30  -708.18037      0.015844778   -708.16452      0.090249218   -678.38221      6.0534526      0.0049911746   4.9911744    
        40  -708.24284      0.005963681   -708.23688      0.068425853   -602.81435      8.200803       0.0046569016   4.6568988    
        50  -708.15151      0.00028194134 -708.15123      0.051897436   -622.30954      10.24853       0.0048834635   4.8834666    
        60  -708.14464      0.0014734586  -708.14317      0.03250873    -661.45222      12.188946      0.0051535338   5.1535313    
        70  -707.99159      0.000525835   -707.99107      0.040360823   -603.26428      14.279436      0.0047835681   4.7835703    
        80  -707.99277      0.0011310157  -707.99164      0.046525159   -597.61103      16.340053      0.0048529149   4.8529126    
        90  -708.0049       0.0015667426  -708.00333      0.05351066    -519.66274      18.503954      0.0046212832   4.6212852    
       100  -708.00646      0.0022936783  -708.00417      0.061207986   -508.67853      20.490172      0.0050346945   5.0346947    
       110  -708.00779      0.0018554618  -708.00593      0.056382466   -497.54129      22.392866      0.0052557042   5.2557042    
       120  -708.00894      0.0015514761  -708.00738      0.052052331   -489.93992      24.435397      0.0048958881   4.8958853    
       130  -708.01014      0.00054432419 -708.00959      0.033753043   -488.93591      26.499222      0.0048453701   4.8453721    
       140  -708.00003      0.001726593   -707.99831      0.043015193   -538.02192      28.646712      0.0046566005   4.6566012    
       150  -708.01212      0.00058862982 -708.01153      0.020533296   -476.08816      30.676524      0.004926564    4.9265641    
       160  -708.05255      0.0055209861  -708.04703      0.14839397    -371.51344      32.735218      0.0048574486   4.8574487    
