GPU 1 assigned to the job
CUDA_VISIBLE_DEVICES=1
LAMMPS (23 Jun 2022 - Update 4)
Reading data file ...
  triclinic box = (0 0 0) to (11.65351 10.092235 24.290025) with tilt (0 0 0)
  1 by 1 by 1 MPI processor grid
  reading atoms ...
  136 atoms
  read_data CPU = 0.001 seconds
68 atoms in group gBottom
WARNING: No fixes with time integration, atoms won't move (src/verlet.cpp:60)
Generated 0 of 6 mixed pair_coeff terms from geometric mixing rule
Neighbor list info ...
  update every 1 steps, delay 10 steps, check yes
  max neighbors/atom: 2000, page size: 100000
  master list distance cutoff = 7
  ghost atom cutoff = 7
  binsize = 3.5, bins = 4 3 7
  1 neighbor lists, perpetual/occasional/extra = 1 0 0
  (1) pair e3gnn, perpetual
      attributes: full, newton on
      pair build: full/bin/atomonly
      stencil: full/bin/3d
      bin: standard
Setting up Verlet run ...
  Unit style    : metal
  Current step  : 0
  Time step     : 0.001
Per MPI rank memory allocation (min/avg/max) = 4.398 | 4.398 | 4.398 Mbytes
   Step         PotEng         Volume         Press           Pxx            Pyy            Pzz            Pxy            Pyz            Pxz            Fmax     
         0  -700.54663      2856.7488      1515.9552      1673.4191      1673.3812      1201.0653      0.0020159024   0.0034218595  -0.0082524718   1.036638     
Loop time of 1.244e-06 on 1 procs for 0 steps with 136 atoms

160.8% CPU use with 1 MPI tasks x no OpenMP threads

MPI task timing breakdown:
Section |  min time  |  avg time  |  max time  |%varavg| %total
---------------------------------------------------------------
Pair    | 0          | 0          | 0          |   0.0 |  0.00
Neigh   | 0          | 0          | 0          |   0.0 |  0.00
Comm    | 0          | 0          | 0          |   0.0 |  0.00
Output  | 0          | 0          | 0          |   0.0 |  0.00
Modify  | 0          | 0          | 0          |   0.0 |  0.00
Other   |            | 1.244e-06  |            |       |100.00

Nlocal:            136 ave         136 max         136 min
Histogram: 1 0 0 0 0 0 0 0 0 0
Nghost:           1105 ave        1105 max        1105 min
Histogram: 1 0 0 0 0 0 0 0 0 0
Neighs:              0 ave           0 max           0 min
Histogram: 1 0 0 0 0 0 0 0 0 0
FullNghs:        17448 ave       17448 max       17448 min
Histogram: 1 0 0 0 0 0 0 0 0 0

Total # of neighbors = 17448
Ave neighs/atom = 128.29412
Neighbor list builds = 0
Dangerous builds = 0
System init for write_data ...
Generated 0 of 6 mixed pair_coeff terms from geometric mixing rule
Total wall time: 0:00:07
