GPU 5 assigned to the job
CUDA_VISIBLE_DEVICES=5
GNN model m3g loaded: /data2/shared_data/pretrained/7net_m3g/checkpoint_best.pth
H N F Si
